No errors! Great job.

TODO(ngroman) Move this error enforcement into Sorbet
